// Jest Snapshot v1, https://goo.gl/fbAQLP

exports[`App Should match snapshot 1`] = `
Object {
  "asFragment": [Function],
  "baseElement": <body>
    <div>
      <div>
        <div
          class="container"
        >
          <div
            class="justify-content-md-center row"
          >
            <div
              class="text-center col"
            >
              <h1>
                Employee Polls
              </h1>
            </div>
          </div>
          <div
            class="justify-content-md-center row"
          >
            <div
              class="col-sm-6"
            >
              <img
                class="rounded-circle"
                src="login.png"
              />
            </div>
          </div>
          <div
            class="justify-content-md-center row"
          >
            <div
              class="text-center mt-5 col"
            >
              <h3>
                Login
              </h3>
            </div>
          </div>
          <form
            class=""
          >
            <div
              class="mt-3 row"
            >
              <div
                class="col-sm-2"
              >
                <label
                  class="form-label"
                  for="username"
                >
                  Username
                </label>
              </div>
              <div
                class="col-sm-10"
              >
                <input
                  class="form-control"
                  data-testid="inputUserName"
                  id="username"
                  name="username"
                  type="text"
                  value="mtsamis"
                />
              </div>
            </div>
            <div
              class="mt-3 row"
            >
              <div
                class="col-sm-2"
              >
                <label
                  class="form-label"
                  for="password"
                >
                  Password
                </label>
              </div>
              <div
                class="col-sm-10"
              >
                <input
                  class="form-control"
                  data-testid="inputPassword"
                  id="password"
                  name="password"
                  type="password"
                  value="xyz123"
                />
              </div>
            </div>
            <div
              class="mt-3 row"
            >
              <button
                class="btn btn-primary"
                type="submit"
              >
                Login
              </button>
            </div>
          </form>
        </div>
      </div>
    </div>
  </body>,
  "container": <div>
    <div>
      <div
        class="container"
      >
        <div
          class="justify-content-md-center row"
        >
          <div
            class="text-center col"
          >
            <h1>
              Employee Polls
            </h1>
          </div>
        </div>
        <div
          class="justify-content-md-center row"
        >
          <div
            class="col-sm-6"
          >
            <img
              class="rounded-circle"
              src="login.png"
            />
          </div>
        </div>
        <div
          class="justify-content-md-center row"
        >
          <div
            class="text-center mt-5 col"
          >
            <h3>
              Login
            </h3>
          </div>
        </div>
        <form
          class=""
        >
          <div
            class="mt-3 row"
          >
            <div
              class="col-sm-2"
            >
              <label
                class="form-label"
                for="username"
              >
                Username
              </label>
            </div>
            <div
              class="col-sm-10"
            >
              <input
                class="form-control"
                data-testid="inputUserName"
                id="username"
                name="username"
                type="text"
                value="mtsamis"
              />
            </div>
          </div>
          <div
            class="mt-3 row"
          >
            <div
              class="col-sm-2"
            >
              <label
                class="form-label"
                for="password"
              >
                Password
              </label>
            </div>
            <div
              class="col-sm-10"
            >
              <input
                class="form-control"
                data-testid="inputPassword"
                id="password"
                name="password"
                type="password"
                value="xyz123"
              />
            </div>
          </div>
          <div
            class="mt-3 row"
          >
            <button
              class="btn btn-primary"
              type="submit"
            >
              Login
            </button>
          </div>
        </form>
      </div>
    </div>
  </div>,
  "debug": [Function],
  "findAllByAltText": [Function],
  "findAllByDisplayValue": [Function],
  "findAllByLabelText": [Function],
  "findAllByPlaceholderText": [Function],
  "findAllByRole": [Function],
  "findAllByTestId": [Function],
  "findAllByText": [Function],
  "findAllByTitle": [Function],
  "findByAltText": [Function],
  "findByDisplayValue": [Function],
  "findByLabelText": [Function],
  "findByPlaceholderText": [Function],
  "findByRole": [Function],
  "findByTestId": [Function],
  "findByText": [Function],
  "findByTitle": [Function],
  "getAllByAltText": [Function],
  "getAllByDisplayValue": [Function],
  "getAllByLabelText": [Function],
  "getAllByPlaceholderText": [Function],
  "getAllByRole": [Function],
  "getAllByTestId": [Function],
  "getAllByText": [Function],
  "getAllByTitle": [Function],
  "getByAltText": [Function],
  "getByDisplayValue": [Function],
  "getByLabelText": [Function],
  "getByPlaceholderText": [Function],
  "getByRole": [Function],
  "getByTestId": [Function],
  "getByText": [Function],
  "getByTitle": [Function],
  "queryAllByAltText": [Function],
  "queryAllByDisplayValue": [Function],
  "queryAllByLabelText": [Function],
  "queryAllByPlaceholderText": [Function],
  "queryAllByRole": [Function],
  "queryAllByTestId": [Function],
  "queryAllByText": [Function],
  "queryAllByTitle": [Function],
  "queryByAltText": [Function],
  "queryByDisplayValue": [Function],
  "queryByLabelText": [Function],
  "queryByPlaceholderText": [Function],
  "queryByRole": [Function],
  "queryByTestId": [Function],
  "queryByText": [Function],
  "queryByTitle": [Function],
  "rerender": [Function],
  "unmount": [Function],
}
`;
