// Jest Snapshot v1, https://goo.gl/fbAQLP

exports[`Topbar Test suite Should match snapshot 1`] = `
Object {
  "asFragment": [Function],
  "baseElement": <body>
    <div>
      <nav
        class="bg-body-tertiary justify-content-between navbar navbar-expand-lg navbar-light"
      >
        <div
          class="m-lg-2 row"
        >
          <div
            class="me-auto navbar-nav nav-underline"
          >
            <a
              class="nav-link"
              data-testid="homeMenu"
              href="/"
            >
              Home
            </a>
            <a
              class="nav-link"
              data-testid="leaderboardMenu"
              href="/leaderboard"
            >
              Leaderboard
            </a>
            <a
              class="nav-link"
              data-testid="newMenu"
              href="/add"
            >
              New
            </a>
          </div>
        </div>
        <div>
          <img
            class=""
            style="width: 60px;"
          />
          <span
            class="mb-1 text-muted m-lg-2"
            style="font-size: 20px;"
          />
          <button
            class="p-1 m-lg-2 btn btn-warning"
            type="button"
          >
            Logout
          </button>
        </div>
      </nav>
       
    </div>
  </body>,
  "container": <div>
    <nav
      class="bg-body-tertiary justify-content-between navbar navbar-expand-lg navbar-light"
    >
      <div
        class="m-lg-2 row"
      >
        <div
          class="me-auto navbar-nav nav-underline"
        >
          <a
            class="nav-link"
            data-testid="homeMenu"
            href="/"
          >
            Home
          </a>
          <a
            class="nav-link"
            data-testid="leaderboardMenu"
            href="/leaderboard"
          >
            Leaderboard
          </a>
          <a
            class="nav-link"
            data-testid="newMenu"
            href="/add"
          >
            New
          </a>
        </div>
      </div>
      <div>
        <img
          class=""
          style="width: 60px;"
        />
        <span
          class="mb-1 text-muted m-lg-2"
          style="font-size: 20px;"
        />
        <button
          class="p-1 m-lg-2 btn btn-warning"
          type="button"
        >
          Logout
        </button>
      </div>
    </nav>
     
  </div>,
  "debug": [Function],
  "findAllByAltText": [Function],
  "findAllByDisplayValue": [Function],
  "findAllByLabelText": [Function],
  "findAllByPlaceholderText": [Function],
  "findAllByRole": [Function],
  "findAllByTestId": [Function],
  "findAllByText": [Function],
  "findAllByTitle": [Function],
  "findByAltText": [Function],
  "findByDisplayValue": [Function],
  "findByLabelText": [Function],
  "findByPlaceholderText": [Function],
  "findByRole": [Function],
  "findByTestId": [Function],
  "findByText": [Function],
  "findByTitle": [Function],
  "getAllByAltText": [Function],
  "getAllByDisplayValue": [Function],
  "getAllByLabelText": [Function],
  "getAllByPlaceholderText": [Function],
  "getAllByRole": [Function],
  "getAllByTestId": [Function],
  "getAllByText": [Function],
  "getAllByTitle": [Function],
  "getByAltText": [Function],
  "getByDisplayValue": [Function],
  "getByLabelText": [Function],
  "getByPlaceholderText": [Function],
  "getByRole": [Function],
  "getByTestId": [Function],
  "getByText": [Function],
  "getByTitle": [Function],
  "queryAllByAltText": [Function],
  "queryAllByDisplayValue": [Function],
  "queryAllByLabelText": [Function],
  "queryAllByPlaceholderText": [Function],
  "queryAllByRole": [Function],
  "queryAllByTestId": [Function],
  "queryAllByText": [Function],
  "queryAllByTitle": [Function],
  "queryByAltText": [Function],
  "queryByDisplayValue": [Function],
  "queryByLabelText": [Function],
  "queryByPlaceholderText": [Function],
  "queryByRole": [Function],
  "queryByTestId": [Function],
  "queryByText": [Function],
  "queryByTitle": [Function],
  "rerender": [Function],
  "unmount": [Function],
}
`;
